
Memory Configuration

Name             Origin             Length             Attributes
*default*        0x00000000         0xffffffff

Linker script and memory map

                0x00000000                        . = 0x0

.reset          0x00000000       0xa0
 *(.reset)
 .reset         0x00000000       0xa0 boot.o
                0x00008000                        . = 0x8000

.text           0x00008000      0x180
 *(.text)
 .text          0x00008000        0x0 boot.o
 .text          0x00008000      0x150 malloc.o
                0x00008000                initialize
                0x00008124                malloc
 .text          0x00008150       0x30 main.o
                0x00008150                main

.glue_7         0x00008180        0x0
 .glue_7        0x00008180        0x0 linker stubs

.glue_7t        0x00008180        0x0
 .glue_7t       0x00008180        0x0 linker stubs

.vfp11_veneer   0x00008180        0x0
 .vfp11_veneer  0x00008180        0x0 linker stubs

.v4_bx          0x00008180        0x0
 .v4_bx         0x00008180        0x0 linker stubs

.iplt           0x00008180        0x0
 .iplt          0x00008180        0x0 boot.o

.rel.dyn        0x00008180        0x0
 .rel.iplt      0x00008180        0x0 boot.o

.data           0x00008180        0x0
 *(.data)
 .data          0x00008180        0x0 boot.o
 .data          0x00008180        0x0 malloc.o
 .data          0x00008180        0x0 main.o
                0x00008180                        start_bss = .

.igot.plt       0x00008180        0x0
 .igot.plt      0x00008180        0x0 boot.o

.bss            0x00008180       0xa0
 *(.bss)
 .bss           0x00008180        0x0 boot.o
 .bss           0x00008180       0xa0 malloc.o
                0x00008180                free_area
 .bss           0x00008220        0x0 main.o
                0x0000a220                        . = (. + 0x2000)
                0x0000a220                        . = ALIGN (0x4)
                0x0000a220                        end_bss = .
                0x0000a220                        start_heap = .
                0x0020a220                        . = (. + 0x200000)
                0x0020a220                        . = ALIGN (0x8)
                0x0020a220                        stack_svr = .
LOAD boot.o
LOAD malloc.o
LOAD main.o
OUTPUT(kernel.elf elf32-littlearm)
LOAD linker stubs

.ARM.attributes
                0x00000000       0x2b
 .ARM.attributes
                0x00000000       0x14 boot.o
 .ARM.attributes
                0x00000014       0x2a malloc.o
 .ARM.attributes
                0x0000003e       0x2a main.o

.comment        0x00000000       0x55
 .comment       0x00000000       0x55 malloc.o
                                 0x56 (size before relaxing)
 .comment       0x00000055       0x56 main.o

.debug_line     0x00000000      0x435
 .debug_line    0x00000000       0x5f boot.o
 .debug_line    0x0000005f      0x229 malloc.o
 .debug_line    0x00000288      0x1ad main.o

.debug_info     0x00000000      0x2f0
 .debug_info    0x00000000       0x26 boot.o
 .debug_info    0x00000026      0x1e7 malloc.o
 .debug_info    0x0000020d       0xe3 main.o

.debug_abbrev   0x00000000      0x1bf
 .debug_abbrev  0x00000000       0x14 boot.o
 .debug_abbrev  0x00000014      0x110 malloc.o
 .debug_abbrev  0x00000124       0x9b main.o

.debug_aranges  0x00000000       0x60
 .debug_aranges
                0x00000000       0x20 boot.o
 .debug_aranges
                0x00000020       0x20 malloc.o
 .debug_aranges
                0x00000040       0x20 main.o

.debug_str      0x00000000      0x1be
 .debug_str     0x00000000       0x4c boot.o
 .debug_str     0x0000004c      0x160 malloc.o
                                0x1e1 (size before relaxing)
 .debug_str     0x000001ac       0x12 main.o
                                0x14a (size before relaxing)

.debug_frame    0x00000000       0x84
 .debug_frame   0x00000000       0x50 malloc.o
 .debug_frame   0x00000050       0x34 main.o
